Starting Database Manager Test...
DEBUG: isOnline = true
DEBUG: cloudURI = mongodb+srv://libradillaeric116_db_user:jtzUYlu73JjrvkMz@expense-tracker.m9uzs1f.mongodb.net/pos-system?retryWrites=true&w=majority&appName=expense-tracker
[Connection] Internet ONLINE - Forcing CLOUD database
Γ£ô MongoDB Connected: ac-kvltl8b-shard-00-01.m9uzs1f.mongodb.net
Γ£ô Database mode: CLOUD
Initialization complete.
Current Mode: CLOUD
[Warning] Database disconnected
Database connection closed
Test finished.
